c:\users\su252\downloads\rustlike-compiler\parser\x64\debug\vc143.pdb
c:\users\su252\downloads\rustlike-compiler\parser\x64\debug\qrc_parser.obj
c:\users\su252\downloads\rustlike-compiler\parser\x64\debug\show.obj
c:\users\su252\downloads\rustlike-compiler\parser\x64\debug\myqgraphicsview.obj
c:\users\su252\downloads\rustlike-compiler\parser\x64\debug\lr1.obj
c:\users\su252\downloads\rustlike-compiler\parser\x64\debug\main.obj
c:\users\su252\downloads\rustlike-compiler\parser\x64\debug\semantic.obj
c:\users\su252\downloads\rustlike-compiler\parser\x64\debug\token.obj
c:\users\su252\downloads\rustlike-compiler\parser\x64\debug\grammar.obj
c:\users\su252\downloads\rustlike-compiler\parser\x64\debug\lexer.obj
c:\users\su252\downloads\rustlike-compiler\parser\x64\debug\moc_myqgraphicsview.obj
c:\users\su252\downloads\rustlike-compiler\parser\x64\debug\moc_show.obj
c:\users\su252\downloads\rustlike-compiler\parser\x64\debug\moc_parser.obj
c:\users\su252\downloads\rustlike-compiler\parser\x64\debug\parser.obj
c:\users\su252\downloads\rustlike-compiler\x64\debug\parser.ilk
c:\users\su252\downloads\rustlike-compiler\x64\debug\parser.exe
c:\users\su252\downloads\rustlike-compiler\x64\debug\parser.pdb
c:\users\su252\downloads\rustlike-compiler\parser\x64\debug\qt\moc\moc_show.cpp
c:\users\su252\downloads\rustlike-compiler\parser\x64\debug\qt\uic\ui_parser.h
c:\users\su252\downloads\rustlike-compiler\parser\x64\debug\qt\uic\ui_show.h
c:\users\su252\downloads\rustlike-compiler\parser\x64\debug\qt\rcc\qrc_parser.cpp
c:\users\su252\downloads\rustlike-compiler\parser\x64\debug\qt\moc\moc_parser.cpp
c:\users\su252\downloads\rustlike-compiler\parser\x64\debug\qt\moc\moc_myqgraphicsview.cpp
c:\users\su252\downloads\rustlike-compiler\parser\x64\debug\parser.tlog\cl.command.1.tlog
c:\users\su252\downloads\rustlike-compiler\parser\x64\debug\parser.tlog\cl.read.1.tlog
c:\users\su252\downloads\rustlike-compiler\parser\x64\debug\parser.tlog\cl.write.1.tlog
c:\users\su252\downloads\rustlike-compiler\parser\x64\debug\parser.tlog\link.command.1.tlog
c:\users\su252\downloads\rustlike-compiler\parser\x64\debug\parser.tlog\link.read.1.tlog
c:\users\su252\downloads\rustlike-compiler\parser\x64\debug\parser.tlog\link.write.1.tlog
c:\users\su252\downloads\rustlike-compiler\parser\x64\debug\parser.tlog\moc.read.1u.tlog
c:\users\su252\downloads\rustlike-compiler\parser\x64\debug\parser.tlog\moc.write.1u.tlog
c:\users\su252\downloads\rustlike-compiler\parser\x64\debug\parser.tlog\parser.write.1u.tlog
c:\users\su252\downloads\rustlike-compiler\parser\x64\debug\parser.tlog\rcc.read.1u.tlog
c:\users\su252\downloads\rustlike-compiler\parser\x64\debug\parser.tlog\rcc.write.1u.tlog
c:\users\su252\downloads\rustlike-compiler\parser\x64\debug\parser.tlog\uic.read.1u.tlog
c:\users\su252\downloads\rustlike-compiler\parser\x64\debug\parser.tlog\uic.write.1u.tlog
